[0.103s] DEBUG:colcon:Command line arguments: ['/usr/bin/colcon', 'build', '--packages-select', 'panda_cartesian_control']
[0.103s] DEBUG:colcon:Parsed command line arguments: Namespace(log_base=None, log_level=None, verb_name='build', build_base='build', install_base='install', merge_install=False, symlink_install=False, test_result_base=None, continue_on_error=False, executor='parallel', parallel_workers=28, event_handlers=None, ignore_user_meta=False, metas=['./colcon.meta'], base_paths=['.'], packages_ignore=None, packages_ignore_regex=None, paths=None, packages_up_to=None, packages_up_to_regex=None, packages_above=None, packages_above_and_dependencies=None, packages_above_depth=None, packages_select_by_dep=None, packages_skip_by_dep=None, packages_skip_up_to=None, packages_select_build_failed=False, packages_skip_build_finished=False, packages_select_test_failures=False, packages_skip_test_passed=False, packages_select=['panda_cartesian_control'], packages_skip=None, packages_select_regex=None, packages_skip_regex=None, packages_start=None, packages_end=None, cmake_args=None, cmake_target=None, cmake_target_skip_unavailable=False, cmake_clean_cache=False, cmake_clean_first=False, cmake_force_configure=False, ament_cmake_args=None, catkin_cmake_args=None, catkin_skip_building_tests=False, mixin_files=None, mixin=None, verb_parser=<colcon_mixin.mixin.mixin_argument.MixinArgumentDecorator object at 0x7696818da200>, verb_extension=<colcon_core.verb.build.BuildVerb object at 0x7696818d9b70>, main=<bound method BuildVerb.main of <colcon_core.verb.build.BuildVerb object at 0x7696818d9b70>>, mixin_verb=('build',))
[0.244s] Level 1:colcon.colcon_core.package_discovery:discover_packages(colcon_meta) check parameters
[0.244s] Level 1:colcon.colcon_core.package_discovery:discover_packages(recursive) check parameters
[0.244s] Level 1:colcon.colcon_core.package_discovery:discover_packages(ignore) check parameters
[0.244s] Level 1:colcon.colcon_core.package_discovery:discover_packages(path) check parameters
[0.244s] Level 1:colcon.colcon_core.package_discovery:discover_packages(colcon_meta) discover
[0.244s] Level 1:colcon.colcon_core.package_discovery:discover_packages(recursive) discover
[0.244s] INFO:colcon.colcon_core.package_discovery:Crawling recursively for packages in '/home/developer/multipanda_ws/src/panda_cartesian_control'
[0.244s] Level 1:colcon.colcon_core.package_identification:_identify(.) by extensions ['ignore', 'ignore_ament_install']
[0.244s] Level 1:colcon.colcon_core.package_identification:_identify(.) by extension 'ignore'
[0.244s] Level 1:colcon.colcon_core.package_identification:_identify(.) by extension 'ignore_ament_install'
[0.244s] Level 1:colcon.colcon_core.package_identification:_identify(.) by extensions ['colcon_pkg']
[0.244s] Level 1:colcon.colcon_core.package_identification:_identify(.) by extension 'colcon_pkg'
[0.244s] Level 1:colcon.colcon_core.package_identification:_identify(.) by extensions ['colcon_meta']
[0.244s] Level 1:colcon.colcon_core.package_identification:_identify(.) by extension 'colcon_meta'
[0.244s] Level 1:colcon.colcon_core.package_identification:_identify(.) by extensions ['ros']
[0.244s] Level 1:colcon.colcon_core.package_identification:_identify(.) by extension 'ros'
[0.276s] DEBUG:colcon.colcon_core.package_identification:Package '.' with type 'ros.ament_python' and name 'panda_cartesian_control'
[0.276s] Level 1:colcon.colcon_core.package_discovery:discover_packages(recursive) using defaults
[0.276s] Level 1:colcon.colcon_core.package_discovery:discover_packages(ignore) discover
[0.276s] Level 1:colcon.colcon_core.package_discovery:discover_packages(ignore) using defaults
[0.276s] Level 1:colcon.colcon_core.package_discovery:discover_packages(path) discover
[0.276s] Level 1:colcon.colcon_core.package_discovery:discover_packages(path) using defaults
[0.292s] Level 5:colcon.colcon_core.verb:set package 'panda_cartesian_control' build argument 'cmake_args' from command line to 'None'
[0.292s] Level 5:colcon.colcon_core.verb:set package 'panda_cartesian_control' build argument 'cmake_target' from command line to 'None'
[0.292s] Level 5:colcon.colcon_core.verb:set package 'panda_cartesian_control' build argument 'cmake_target_skip_unavailable' from command line to 'False'
[0.292s] Level 5:colcon.colcon_core.verb:set package 'panda_cartesian_control' build argument 'cmake_clean_cache' from command line to 'False'
[0.292s] Level 5:colcon.colcon_core.verb:set package 'panda_cartesian_control' build argument 'cmake_clean_first' from command line to 'False'
[0.292s] Level 5:colcon.colcon_core.verb:set package 'panda_cartesian_control' build argument 'cmake_force_configure' from command line to 'False'
[0.292s] Level 5:colcon.colcon_core.verb:set package 'panda_cartesian_control' build argument 'ament_cmake_args' from command line to 'None'
[0.292s] Level 5:colcon.colcon_core.verb:set package 'panda_cartesian_control' build argument 'catkin_cmake_args' from command line to 'None'
[0.292s] Level 5:colcon.colcon_core.verb:set package 'panda_cartesian_control' build argument 'catkin_skip_building_tests' from command line to 'False'
[0.292s] DEBUG:colcon.colcon_core.verb:Building package 'panda_cartesian_control' with the following arguments: {'ament_cmake_args': None, 'build_base': '/home/developer/multipanda_ws/src/panda_cartesian_control/build/panda_cartesian_control', 'catkin_cmake_args': None, 'catkin_skip_building_tests': False, 'cmake_args': None, 'cmake_clean_cache': False, 'cmake_clean_first': False, 'cmake_force_configure': False, 'cmake_target': None, 'cmake_target_skip_unavailable': False, 'install_base': '/home/developer/multipanda_ws/src/panda_cartesian_control/install/panda_cartesian_control', 'merge_install': False, 'path': '/home/developer/multipanda_ws/src/panda_cartesian_control', 'symlink_install': False, 'test_result_base': None}
[0.292s] INFO:colcon.colcon_core.executor:Executing jobs using 'parallel' executor
[0.293s] DEBUG:colcon.colcon_parallel_executor.executor.parallel:run_until_complete
[0.293s] INFO:colcon.colcon_ros.task.ament_python.build:Building ROS package in '/home/developer/multipanda_ws/src/panda_cartesian_control' with build type 'ament_python'
[0.293s] Level 1:colcon.colcon_core.shell:create_environment_hook('panda_cartesian_control', 'ament_prefix_path')
[0.297s] INFO:colcon.colcon_core.plugin_system:Skipping extension 'colcon_core.shell.bat': Not used on non-Windows systems
[0.297s] INFO:colcon.colcon_core.shell:Creating environment hook '/home/developer/multipanda_ws/src/panda_cartesian_control/install/panda_cartesian_control/share/panda_cartesian_control/hook/ament_prefix_path.ps1'
[0.298s] INFO:colcon.colcon_core.shell:Creating environment descriptor '/home/developer/multipanda_ws/src/panda_cartesian_control/install/panda_cartesian_control/share/panda_cartesian_control/hook/ament_prefix_path.dsv'
[0.298s] INFO:colcon.colcon_core.shell:Creating environment hook '/home/developer/multipanda_ws/src/panda_cartesian_control/install/panda_cartesian_control/share/panda_cartesian_control/hook/ament_prefix_path.sh'
[0.299s] INFO:colcon.colcon_core.shell:Skip shell extension 'powershell' for command environment: Not usable outside of PowerShell
[0.299s] DEBUG:colcon.colcon_core.shell:Skip shell extension 'dsv' for command environment
[0.467s] INFO:colcon.colcon_core.task.python.build:Building Python package in '/home/developer/multipanda_ws/src/panda_cartesian_control'
[0.467s] INFO:colcon.colcon_core.shell:Skip shell extension 'powershell' for command environment: Not usable outside of PowerShell
[0.467s] DEBUG:colcon.colcon_core.shell:Skip shell extension 'dsv' for command environment
[0.713s] DEBUG:colcon.colcon_core.event_handler.log_command:Invoking command in '/home/developer/multipanda_ws/src/panda_cartesian_control': PYTHONPATH=/home/developer/multipanda_ws/src/panda_cartesian_control/build/panda_cartesian_control/prefix_override:/usr/lib/python3/dist-packages/colcon_core/task/python/colcon_distutils_commands:/home/developer/multipanda_ws/src/panda_cartesian_control/install/panda_cartesian_control/lib/python3.10/site-packages:${PYTHONPATH} /usr/bin/python3 -W ignore:setup.py install is deprecated -W ignore:easy_install command is deprecated setup.py egg_info --egg-base build/panda_cartesian_control build --build-base /home/developer/multipanda_ws/src/panda_cartesian_control/build/panda_cartesian_control/build install --record /home/developer/multipanda_ws/src/panda_cartesian_control/build/panda_cartesian_control/install.log --single-version-externally-managed install_data
[0.900s] DEBUG:colcon.colcon_core.event_handler.log_command:Invoked command in '/home/developer/multipanda_ws/src/panda_cartesian_control' returned '0': PYTHONPATH=/home/developer/multipanda_ws/src/panda_cartesian_control/build/panda_cartesian_control/prefix_override:/usr/lib/python3/dist-packages/colcon_core/task/python/colcon_distutils_commands:/home/developer/multipanda_ws/src/panda_cartesian_control/install/panda_cartesian_control/lib/python3.10/site-packages:${PYTHONPATH} /usr/bin/python3 -W ignore:setup.py install is deprecated -W ignore:easy_install command is deprecated setup.py egg_info --egg-base build/panda_cartesian_control build --build-base /home/developer/multipanda_ws/src/panda_cartesian_control/build/panda_cartesian_control/build install --record /home/developer/multipanda_ws/src/panda_cartesian_control/build/panda_cartesian_control/install.log --single-version-externally-managed install_data
[0.905s] Level 1:colcon.colcon_core.environment:checking '/home/developer/multipanda_ws/src/panda_cartesian_control/install/panda_cartesian_control' for CMake module files
[0.906s] Level 1:colcon.colcon_core.environment:checking '/home/developer/multipanda_ws/src/panda_cartesian_control/install/panda_cartesian_control' for CMake config files
[0.906s] Level 1:colcon.colcon_core.environment:checking '/home/developer/multipanda_ws/src/panda_cartesian_control/install/panda_cartesian_control/lib'
[0.906s] Level 1:colcon.colcon_core.environment:checking '/home/developer/multipanda_ws/src/panda_cartesian_control/install/panda_cartesian_control/bin'
[0.906s] Level 1:colcon.colcon_core.environment:checking '/home/developer/multipanda_ws/src/panda_cartesian_control/install/panda_cartesian_control/lib/pkgconfig/panda_cartesian_control.pc'
[0.906s] Level 1:colcon.colcon_core.environment:checking '/home/developer/multipanda_ws/src/panda_cartesian_control/install/panda_cartesian_control/lib/python3.10/site-packages'
[0.906s] Level 1:colcon.colcon_core.shell:create_environment_hook('panda_cartesian_control', 'pythonpath')
[0.906s] INFO:colcon.colcon_core.shell:Creating environment hook '/home/developer/multipanda_ws/src/panda_cartesian_control/install/panda_cartesian_control/share/panda_cartesian_control/hook/pythonpath.ps1'
[0.907s] INFO:colcon.colcon_core.shell:Creating environment descriptor '/home/developer/multipanda_ws/src/panda_cartesian_control/install/panda_cartesian_control/share/panda_cartesian_control/hook/pythonpath.dsv'
[0.907s] INFO:colcon.colcon_core.shell:Creating environment hook '/home/developer/multipanda_ws/src/panda_cartesian_control/install/panda_cartesian_control/share/panda_cartesian_control/hook/pythonpath.sh'
[0.907s] Level 1:colcon.colcon_core.environment:checking '/home/developer/multipanda_ws/src/panda_cartesian_control/install/panda_cartesian_control/bin'
[0.907s] Level 1:colcon.colcon_core.environment:create_environment_scripts_only(panda_cartesian_control)
[0.908s] INFO:colcon.colcon_core.shell:Creating package script '/home/developer/multipanda_ws/src/panda_cartesian_control/install/panda_cartesian_control/share/panda_cartesian_control/package.ps1'
[0.908s] INFO:colcon.colcon_core.shell:Creating package descriptor '/home/developer/multipanda_ws/src/panda_cartesian_control/install/panda_cartesian_control/share/panda_cartesian_control/package.dsv'
[0.909s] INFO:colcon.colcon_core.shell:Creating package script '/home/developer/multipanda_ws/src/panda_cartesian_control/install/panda_cartesian_control/share/panda_cartesian_control/package.sh'
[0.910s] INFO:colcon.colcon_core.shell:Creating package script '/home/developer/multipanda_ws/src/panda_cartesian_control/install/panda_cartesian_control/share/panda_cartesian_control/package.bash'
[0.910s] INFO:colcon.colcon_core.shell:Creating package script '/home/developer/multipanda_ws/src/panda_cartesian_control/install/panda_cartesian_control/share/panda_cartesian_control/package.zsh'
[0.911s] Level 1:colcon.colcon_core.environment:create_file_with_runtime_dependencies(/home/developer/multipanda_ws/src/panda_cartesian_control/install/panda_cartesian_control/share/colcon-core/packages/panda_cartesian_control)
[0.911s] DEBUG:colcon.colcon_parallel_executor.executor.parallel:closing loop
[0.911s] DEBUG:colcon.colcon_parallel_executor.executor.parallel:loop closed
[0.911s] DEBUG:colcon.colcon_parallel_executor.executor.parallel:run_until_complete finished with '0'
[0.911s] DEBUG:colcon.colcon_core.event_reactor:joining thread
[0.918s] INFO:colcon.colcon_core.plugin_system:Skipping extension 'colcon_notification.desktop_notification.notify_send': Could not find 'notify-send'
[0.918s] INFO:colcon.colcon_core.plugin_system:Skipping extension 'colcon_notification.desktop_notification.terminal_notifier': Not used on non-Darwin systems
[0.918s] INFO:colcon.colcon_core.plugin_system:Skipping extension 'colcon_notification.desktop_notification.win32': Not used on non-Windows systems
[0.918s] INFO:colcon.colcon_notification.desktop_notification:Sending desktop notification using 'notify2'
[0.920s] DEBUG:colcon.colcon_notification.desktop_notification.notify2:Failed to initialize notify2: org.freedesktop.DBus.Error.Spawn.ExecFailed: /usr/bin/dbus-launch terminated abnormally without any error message
[0.920s] DEBUG:colcon.colcon_core.event_reactor:joined thread
[0.920s] INFO:colcon.colcon_core.shell:Creating prefix script '/home/developer/multipanda_ws/src/panda_cartesian_control/install/local_setup.ps1'
[0.921s] INFO:colcon.colcon_core.shell:Creating prefix util module '/home/developer/multipanda_ws/src/panda_cartesian_control/install/_local_setup_util_ps1.py'
[0.922s] INFO:colcon.colcon_core.shell:Creating prefix chain script '/home/developer/multipanda_ws/src/panda_cartesian_control/install/setup.ps1'
[0.924s] INFO:colcon.colcon_core.shell:Creating prefix script '/home/developer/multipanda_ws/src/panda_cartesian_control/install/local_setup.sh'
[0.924s] INFO:colcon.colcon_core.shell:Creating prefix util module '/home/developer/multipanda_ws/src/panda_cartesian_control/install/_local_setup_util_sh.py'
[0.925s] INFO:colcon.colcon_core.shell:Creating prefix chain script '/home/developer/multipanda_ws/src/panda_cartesian_control/install/setup.sh'
[0.926s] INFO:colcon.colcon_core.shell:Creating prefix script '/home/developer/multipanda_ws/src/panda_cartesian_control/install/local_setup.bash'
[0.926s] INFO:colcon.colcon_core.shell:Creating prefix chain script '/home/developer/multipanda_ws/src/panda_cartesian_control/install/setup.bash'
[0.928s] INFO:colcon.colcon_core.shell:Creating prefix script '/home/developer/multipanda_ws/src/panda_cartesian_control/install/local_setup.zsh'
[0.929s] INFO:colcon.colcon_core.shell:Creating prefix chain script '/home/developer/multipanda_ws/src/panda_cartesian_control/install/setup.zsh'
