running egg_info
creating build/panda_cartesian_control/panda_cartesian_control.egg-info
writing build/panda_cartesian_control/panda_cartesian_control.egg-info/PKG-INFO
writing dependency_links to build/panda_cartesian_control/panda_cartesian_control.egg-info/dependency_links.txt
writing entry points to build/panda_cartesian_control/panda_cartesian_control.egg-info/entry_points.txt
writing requirements to build/panda_cartesian_control/panda_cartesian_control.egg-info/requires.txt
writing top-level names to build/panda_cartesian_control/panda_cartesian_control.egg-info/top_level.txt
writing manifest file 'build/panda_cartesian_control/panda_cartesian_control.egg-info/SOURCES.txt'
reading manifest file 'build/panda_cartesian_control/panda_cartesian_control.egg-info/SOURCES.txt'
writing manifest file 'build/panda_cartesian_control/panda_cartesian_control.egg-info/SOURCES.txt'
running build
running build_py
creating /home/developer/multipanda_ws/src/panda_cartesian_control/build/panda_cartesian_control/build
creating /home/developer/multipanda_ws/src/panda_cartesian_control/build/panda_cartesian_control/build/lib
creating /home/developer/multipanda_ws/src/panda_cartesian_control/build/panda_cartesian_control/build/lib/panda_cartesian_control
copying panda_cartesian_control/__init__.py -> /home/developer/multipanda_ws/src/panda_cartesian_control/build/panda_cartesian_control/build/lib/panda_cartesian_control
copying panda_cartesian_control/cartesian_pick_place_server.py -> /home/developer/multipanda_ws/src/panda_cartesian_control/build/panda_cartesian_control/build/lib/panda_cartesian_control
copying panda_cartesian_control/pick_from_camera_node.py -> /home/developer/multipanda_ws/src/panda_cartesian_control/build/panda_cartesian_control/build/lib/panda_cartesian_control
copying panda_cartesian_control/cartesian_moveit_server.py -> /home/developer/multipanda_ws/src/panda_cartesian_control/build/panda_cartesian_control/build/lib/panda_cartesian_control
copying panda_cartesian_control/pick_place_server.py -> /home/developer/multipanda_ws/src/panda_cartesian_control/build/panda_cartesian_control/build/lib/panda_cartesian_control
copying panda_cartesian_control/ps_sequencer.py -> /home/developer/multipanda_ws/src/panda_cartesian_control/build/panda_cartesian_control/build/lib/panda_cartesian_control
copying panda_cartesian_control/camera_node.py -> /home/developer/multipanda_ws/src/panda_cartesian_control/build/panda_cartesian_control/build/lib/panda_cartesian_control
copying panda_cartesian_control/camera_to_robot_node.py -> /home/developer/multipanda_ws/src/panda_cartesian_control/build/panda_cartesian_control/build/lib/panda_cartesian_control
creating /home/developer/multipanda_ws/src/panda_cartesian_control/build/panda_cartesian_control/build/lib/panda_cartesian_control/pinocchio_ik
copying panda_cartesian_control/pinocchio_ik/solver.py -> /home/developer/multipanda_ws/src/panda_cartesian_control/build/panda_cartesian_control/build/lib/panda_cartesian_control/pinocchio_ik
copying panda_cartesian_control/pinocchio_ik/__init__.py -> /home/developer/multipanda_ws/src/panda_cartesian_control/build/panda_cartesian_control/build/lib/panda_cartesian_control/pinocchio_ik
running install
running install_lib
creating /home/developer/multipanda_ws/src/panda_cartesian_control/install/panda_cartesian_control/lib/python3.10/site-packages/panda_cartesian_control
creating /home/developer/multipanda_ws/src/panda_cartesian_control/install/panda_cartesian_control/lib/python3.10/site-packages/panda_cartesian_control/pinocchio_ik
copying /home/developer/multipanda_ws/src/panda_cartesian_control/build/panda_cartesian_control/build/lib/panda_cartesian_control/pinocchio_ik/solver.py -> /home/developer/multipanda_ws/src/panda_cartesian_control/install/panda_cartesian_control/lib/python3.10/site-packages/panda_cartesian_control/pinocchio_ik
copying /home/developer/multipanda_ws/src/panda_cartesian_control/build/panda_cartesian_control/build/lib/panda_cartesian_control/pinocchio_ik/__init__.py -> /home/developer/multipanda_ws/src/panda_cartesian_control/install/panda_cartesian_control/lib/python3.10/site-packages/panda_cartesian_control/pinocchio_ik
copying /home/developer/multipanda_ws/src/panda_cartesian_control/build/panda_cartesian_control/build/lib/panda_cartesian_control/__init__.py -> /home/developer/multipanda_ws/src/panda_cartesian_control/install/panda_cartesian_control/lib/python3.10/site-packages/panda_cartesian_control
copying /home/developer/multipanda_ws/src/panda_cartesian_control/build/panda_cartesian_control/build/lib/panda_cartesian_control/cartesian_pick_place_server.py -> /home/developer/multipanda_ws/src/panda_cartesian_control/install/panda_cartesian_control/lib/python3.10/site-packages/panda_cartesian_control
copying /home/developer/multipanda_ws/src/panda_cartesian_control/build/panda_cartesian_control/build/lib/panda_cartesian_control/pick_from_camera_node.py -> /home/developer/multipanda_ws/src/panda_cartesian_control/install/panda_cartesian_control/lib/python3.10/site-packages/panda_cartesian_control
copying /home/developer/multipanda_ws/src/panda_cartesian_control/build/panda_cartesian_control/build/lib/panda_cartesian_control/cartesian_moveit_server.py -> /home/developer/multipanda_ws/src/panda_cartesian_control/install/panda_cartesian_control/lib/python3.10/site-packages/panda_cartesian_control
copying /home/developer/multipanda_ws/src/panda_cartesian_control/build/panda_cartesian_control/build/lib/panda_cartesian_control/pick_place_server.py -> /home/developer/multipanda_ws/src/panda_cartesian_control/install/panda_cartesian_control/lib/python3.10/site-packages/panda_cartesian_control
copying /home/developer/multipanda_ws/src/panda_cartesian_control/build/panda_cartesian_control/build/lib/panda_cartesian_control/ps_sequencer.py -> /home/developer/multipanda_ws/src/panda_cartesian_control/install/panda_cartesian_control/lib/python3.10/site-packages/panda_cartesian_control
copying /home/developer/multipanda_ws/src/panda_cartesian_control/build/panda_cartesian_control/build/lib/panda_cartesian_control/camera_node.py -> /home/developer/multipanda_ws/src/panda_cartesian_control/install/panda_cartesian_control/lib/python3.10/site-packages/panda_cartesian_control
copying /home/developer/multipanda_ws/src/panda_cartesian_control/build/panda_cartesian_control/build/lib/panda_cartesian_control/camera_to_robot_node.py -> /home/developer/multipanda_ws/src/panda_cartesian_control/install/panda_cartesian_control/lib/python3.10/site-packages/panda_cartesian_control
byte-compiling /home/developer/multipanda_ws/src/panda_cartesian_control/install/panda_cartesian_control/lib/python3.10/site-packages/panda_cartesian_control/pinocchio_ik/solver.py to solver.cpython-310.pyc
byte-compiling /home/developer/multipanda_ws/src/panda_cartesian_control/install/panda_cartesian_control/lib/python3.10/site-packages/panda_cartesian_control/pinocchio_ik/__init__.py to __init__.cpython-310.pyc
byte-compiling /home/developer/multipanda_ws/src/panda_cartesian_control/install/panda_cartesian_control/lib/python3.10/site-packages/panda_cartesian_control/__init__.py to __init__.cpython-310.pyc
byte-compiling /home/developer/multipanda_ws/src/panda_cartesian_control/install/panda_cartesian_control/lib/python3.10/site-packages/panda_cartesian_control/cartesian_pick_place_server.py to cartesian_pick_place_server.cpython-310.pyc
byte-compiling /home/developer/multipanda_ws/src/panda_cartesian_control/install/panda_cartesian_control/lib/python3.10/site-packages/panda_cartesian_control/pick_from_camera_node.py to pick_from_camera_node.cpython-310.pyc
byte-compiling /home/developer/multipanda_ws/src/panda_cartesian_control/install/panda_cartesian_control/lib/python3.10/site-packages/panda_cartesian_control/cartesian_moveit_server.py to cartesian_moveit_server.cpython-310.pyc
byte-compiling /home/developer/multipanda_ws/src/panda_cartesian_control/install/panda_cartesian_control/lib/python3.10/site-packages/panda_cartesian_control/pick_place_server.py to pick_place_server.cpython-310.pyc
byte-compiling /home/developer/multipanda_ws/src/panda_cartesian_control/install/panda_cartesian_control/lib/python3.10/site-packages/panda_cartesian_control/ps_sequencer.py to ps_sequencer.cpython-310.pyc
byte-compiling /home/developer/multipanda_ws/src/panda_cartesian_control/install/panda_cartesian_control/lib/python3.10/site-packages/panda_cartesian_control/camera_node.py to camera_node.cpython-310.pyc
byte-compiling /home/developer/multipanda_ws/src/panda_cartesian_control/install/panda_cartesian_control/lib/python3.10/site-packages/panda_cartesian_control/camera_to_robot_node.py to camera_to_robot_node.cpython-310.pyc
running install_data
creating /home/developer/multipanda_ws/src/panda_cartesian_control/install/panda_cartesian_control/share/ament_index
creating /home/developer/multipanda_ws/src/panda_cartesian_control/install/panda_cartesian_control/share/ament_index/resource_index
creating /home/developer/multipanda_ws/src/panda_cartesian_control/install/panda_cartesian_control/share/ament_index/resource_index/packages
copying resource/panda_cartesian_control -> /home/developer/multipanda_ws/src/panda_cartesian_control/install/panda_cartesian_control/share/ament_index/resource_index/packages
copying package.xml -> /home/developer/multipanda_ws/src/panda_cartesian_control/install/panda_cartesian_control/share/panda_cartesian_control
creating /home/developer/multipanda_ws/src/panda_cartesian_control/install/panda_cartesian_control/share/panda_cartesian_control/urdf
copying urdf/panda_arm.urdf -> /home/developer/multipanda_ws/src/panda_cartesian_control/install/panda_cartesian_control/share/panda_cartesian_control/urdf
running install_egg_info
Copying build/panda_cartesian_control/panda_cartesian_control.egg-info to /home/developer/multipanda_ws/src/panda_cartesian_control/install/panda_cartesian_control/lib/python3.10/site-packages/panda_cartesian_control-0.0.0-py3.10.egg-info
running install_scripts
Installing camera_node script to /home/developer/multipanda_ws/src/panda_cartesian_control/install/panda_cartesian_control/lib/panda_cartesian_control
Installing camera_to_robot_node script to /home/developer/multipanda_ws/src/panda_cartesian_control/install/panda_cartesian_control/lib/panda_cartesian_control
Installing cartesian_moveit_server script to /home/developer/multipanda_ws/src/panda_cartesian_control/install/panda_cartesian_control/lib/panda_cartesian_control
Installing cartesian_pick_place_server script to /home/developer/multipanda_ws/src/panda_cartesian_control/install/panda_cartesian_control/lib/panda_cartesian_control
Installing pick_from_camera_node script to /home/developer/multipanda_ws/src/panda_cartesian_control/install/panda_cartesian_control/lib/panda_cartesian_control
Installing pick_place_server script to /home/developer/multipanda_ws/src/panda_cartesian_control/install/panda_cartesian_control/lib/panda_cartesian_control
Installing ps_sequencer script to /home/developer/multipanda_ws/src/panda_cartesian_control/install/panda_cartesian_control/lib/panda_cartesian_control
writing list of installed files to '/home/developer/multipanda_ws/src/panda_cartesian_control/build/panda_cartesian_control/install.log'
