/home/developer/multipanda_ws/src/panda_cartesian_control/install/panda_cartesian_control/lib/python3.10/site-packages/panda_cartesian_control/__init__.py
/home/developer/multipanda_ws/src/panda_cartesian_control/install/panda_cartesian_control/lib/python3.10/site-packages/panda_cartesian_control/cartesian_pick_place_server.py
/home/developer/multipanda_ws/src/panda_cartesian_control/install/panda_cartesian_control/lib/python3.10/site-packages/panda_cartesian_control/pick_from_camera_node.py
/home/developer/multipanda_ws/src/panda_cartesian_control/install/panda_cartesian_control/lib/python3.10/site-packages/panda_cartesian_control/cartesian_moveit_server.py
/home/developer/multipanda_ws/src/panda_cartesian_control/install/panda_cartesian_control/lib/python3.10/site-packages/panda_cartesian_control/pick_place_server.py
/home/developer/multipanda_ws/src/panda_cartesian_control/install/panda_cartesian_control/lib/python3.10/site-packages/panda_cartesian_control/ps_sequencer.py
/home/developer/multipanda_ws/src/panda_cartesian_control/install/panda_cartesian_control/lib/python3.10/site-packages/panda_cartesian_control/camera_node.py
/home/developer/multipanda_ws/src/panda_cartesian_control/install/panda_cartesian_control/lib/python3.10/site-packages/panda_cartesian_control/camera_to_robot_node.py
/home/developer/multipanda_ws/src/panda_cartesian_control/install/panda_cartesian_control/lib/python3.10/site-packages/panda_cartesian_control/pinocchio_ik/solver.py
/home/developer/multipanda_ws/src/panda_cartesian_control/install/panda_cartesian_control/lib/python3.10/site-packages/panda_cartesian_control/pinocchio_ik/__init__.py
/home/developer/multipanda_ws/src/panda_cartesian_control/install/panda_cartesian_control/lib/python3.10/site-packages/panda_cartesian_control/__pycache__/__init__.cpython-310.pyc
/home/developer/multipanda_ws/src/panda_cartesian_control/install/panda_cartesian_control/lib/python3.10/site-packages/panda_cartesian_control/__pycache__/cartesian_pick_place_server.cpython-310.pyc
/home/developer/multipanda_ws/src/panda_cartesian_control/install/panda_cartesian_control/lib/python3.10/site-packages/panda_cartesian_control/__pycache__/pick_from_camera_node.cpython-310.pyc
/home/developer/multipanda_ws/src/panda_cartesian_control/install/panda_cartesian_control/lib/python3.10/site-packages/panda_cartesian_control/__pycache__/cartesian_moveit_server.cpython-310.pyc
/home/developer/multipanda_ws/src/panda_cartesian_control/install/panda_cartesian_control/lib/python3.10/site-packages/panda_cartesian_control/__pycache__/pick_place_server.cpython-310.pyc
/home/developer/multipanda_ws/src/panda_cartesian_control/install/panda_cartesian_control/lib/python3.10/site-packages/panda_cartesian_control/__pycache__/ps_sequencer.cpython-310.pyc
/home/developer/multipanda_ws/src/panda_cartesian_control/install/panda_cartesian_control/lib/python3.10/site-packages/panda_cartesian_control/__pycache__/camera_node.cpython-310.pyc
/home/developer/multipanda_ws/src/panda_cartesian_control/install/panda_cartesian_control/lib/python3.10/site-packages/panda_cartesian_control/__pycache__/camera_to_robot_node.cpython-310.pyc
/home/developer/multipanda_ws/src/panda_cartesian_control/install/panda_cartesian_control/lib/python3.10/site-packages/panda_cartesian_control/pinocchio_ik/__pycache__/solver.cpython-310.pyc
/home/developer/multipanda_ws/src/panda_cartesian_control/install/panda_cartesian_control/lib/python3.10/site-packages/panda_cartesian_control/pinocchio_ik/__pycache__/__init__.cpython-310.pyc
/home/developer/multipanda_ws/src/panda_cartesian_control/install/panda_cartesian_control/share/ament_index/resource_index/packages/panda_cartesian_control
/home/developer/multipanda_ws/src/panda_cartesian_control/install/panda_cartesian_control/share/panda_cartesian_control/package.xml
/home/developer/multipanda_ws/src/panda_cartesian_control/install/panda_cartesian_control/share/panda_cartesian_control/urdf/panda_arm.urdf
/home/developer/multipanda_ws/src/panda_cartesian_control/install/panda_cartesian_control/lib/python3.10/site-packages/panda_cartesian_control-0.0.0-py3.10.egg-info/requires.txt
/home/developer/multipanda_ws/src/panda_cartesian_control/install/panda_cartesian_control/lib/python3.10/site-packages/panda_cartesian_control-0.0.0-py3.10.egg-info/PKG-INFO
/home/developer/multipanda_ws/src/panda_cartesian_control/install/panda_cartesian_control/lib/python3.10/site-packages/panda_cartesian_control-0.0.0-py3.10.egg-info/dependency_links.txt
/home/developer/multipanda_ws/src/panda_cartesian_control/install/panda_cartesian_control/lib/python3.10/site-packages/panda_cartesian_control-0.0.0-py3.10.egg-info/entry_points.txt
/home/developer/multipanda_ws/src/panda_cartesian_control/install/panda_cartesian_control/lib/python3.10/site-packages/panda_cartesian_control-0.0.0-py3.10.egg-info/SOURCES.txt
/home/developer/multipanda_ws/src/panda_cartesian_control/install/panda_cartesian_control/lib/python3.10/site-packages/panda_cartesian_control-0.0.0-py3.10.egg-info/top_level.txt
/home/developer/multipanda_ws/src/panda_cartesian_control/install/panda_cartesian_control/lib/python3.10/site-packages/panda_cartesian_control-0.0.0-py3.10.egg-info/zip-safe
/home/developer/multipanda_ws/src/panda_cartesian_control/install/panda_cartesian_control/lib/panda_cartesian_control/camera_node
/home/developer/multipanda_ws/src/panda_cartesian_control/install/panda_cartesian_control/lib/panda_cartesian_control/camera_to_robot_node
/home/developer/multipanda_ws/src/panda_cartesian_control/install/panda_cartesian_control/lib/panda_cartesian_control/cartesian_moveit_server
/home/developer/multipanda_ws/src/panda_cartesian_control/install/panda_cartesian_control/lib/panda_cartesian_control/cartesian_pick_place_server
/home/developer/multipanda_ws/src/panda_cartesian_control/install/panda_cartesian_control/lib/panda_cartesian_control/pick_from_camera_node
/home/developer/multipanda_ws/src/panda_cartesian_control/install/panda_cartesian_control/lib/panda_cartesian_control/pick_place_server
/home/developer/multipanda_ws/src/panda_cartesian_control/install/panda_cartesian_control/lib/panda_cartesian_control/ps_sequencer
